00:31:38 **** Incremental Build of configuration Debug for project fusb302 ****
make -j8 all 
arm-none-eabi-gcc "../Src/main.c" -mcpu=cortex-m0 -std=gnu11 -g3 -DUSE_HAL_DRIVER -DSTM32F072xB -DDEBUG -c -I../Inc -I../Drivers/STM32F0xx_HAL_Driver/Inc -I../Drivers/CMSIS/Include -I../Drivers/STM32F0xx_HAL_Driver/Inc/Legacy -I../Drivers/CMSIS/Device/ST/STM32F0xx/Include -O0 -ffunction-sections -fdata-sections -Wall -fstack-usage -MMD -MP -MF"Src/main.d" -MT"Src/main.o" --specs=nano.specs -mfloat-abi=soft -mthumb -o "Src/main.o"
arm-none-eabi-gcc -o "fusb302.elf" @"objects.list"   -mcpu=cortex-m0 -T"D:\Documents\STM32 Projects\fusb302\STM32F072RBTX_FLASH.ld" --specs=nosys.specs -Wl,-Map="fusb302.map" -Wl,--gc-sections -static --specs=nano.specs -mfloat-abi=soft -mthumb -Wl,--start-group -lc -lm -Wl,--end-group
Finished building target: fusb302.elf
 
arm-none-eabi-objdump -h -S  fusb302.elf  > "fusb302.list"
arm-none-eabi-size   fusb302.elf 
   text	   data	    bss	    dec	    hex	filename
  16492	    112	   1776	  18380	   47cc	fusb302.elf
Finished building: default.size.stdout
 
Finished building: fusb302.list
 

00:31:39 Build Finished. 0 errors, 0 warnings. (took 1s.126ms)

